
> persona-lab@0.1.0 build
> next build

node.exe : ΓÜá Warning: Next.js inferred your 
workspace root, but it may not be correct.
At line:1 char:1
+ & "C:\Program Files\nodejs/node.exe" 
"C:\Users\Harsh\AppData\Roaming\ ...
+ ~~~~~~~~~~~~~~~~~~~~~~~~~~~~~~~~~~~~~~~~~~~~
~~~~~~~~~~~~~~~~~~~~~~~~~
    + CategoryInfo          : NotSpecified: ( 
   ΓÜá Warning: Ne...not be correct.:String)  
   [], RemoteException
    + FullyQualifiedErrorId : NativeCommandEr 
   ror
 
 We detected multiple lockfiles and selected 
the directory of 
C:\Users\Harsh\package-lock.json as the root 
directory.
 To silence this warning, set 
`turbopack.root` in your Next.js config, or 
consider removing one of the lockfiles if 
it's not needed.
   See https://nextjs.org/docs/app/api-referen
ce/config/next-config-js/turbopack#root-direct
ory for more information.
 Detected additional lockfiles: 
   * C:\Users\Harsh\Desktop\Persona 
Lab\persona-lab\package-lock.json

Γû▓ Next.js 16.2.2 (Turbopack)
- Environments: .env.local

ΓÜá The "middleware" file convention is 
deprecated. Please use "proxy" instead. Learn 
more: https://nextjs.org/docs/messages/middlew
are-to-proxy
  Creating an optimized production build ...
Γ£ô Compiled successfully in 6.1s
  Running TypeScript ...
Failed to type check.

./src/components/dashboard/persona-cards.tsx:7
6:14
Type error: This comparison appears to be 
unintentional because the types 
'PersonaFilters[K]' and '""' have no overlap.

  [90m74 |[0m     onFilterChange?.({
  [90m75 |[0m       ...filters,
[31m[1m>[0m [90m76 |[0m       [key]: 
value === [32m''[0m ? [36mundefined[0m : 
value
  [90m   |[0m              [31m[1m^[0m
  [90m77 |[0m     })
  [90m78 |[0m   }
  [90m79 |[0m
Next.js build worker exited with code: 1 and 
signal: null
